// Jest Snapshot v1, https://goo.gl/fbAQLP

exports[`Autocomplete.props.renderInput should be invoked in \`render\` to create the <input> element 1`] = `
Object {
  "aria-autocomplete": "list",
  "autoComplete": "off",
  "foo": "bar",
  "onBlur": [Function],
  "onChange": [Function],
  "onClick": [Function],
  "onFocus": [Function],
  "onKeyDown": [Function],
  "ref": [Function],
  "role": "textbox",
  "value": "pants",
}
`;

exports[`Autocomplete.props.renderInput should be invoked in \`render\` to create the <input> element 2`] = `
<div
  aria-expanded={false}
  role="combobox"
  style={
    Object {
      "display": "inline-block",
    }
  }
>
  <div>
    <input
      aria-autocomplete="list"
      autoComplete="on"
      foo="bar"
      onBlur={[Function]}
      onChange={[Function]}
      onClick={[Function]}
      onFocus={[Function]}
      onKeyDown={[Function]}
      role="textbox"
      value="pants"
    />
  </div>
</div>
`;
